[2026-05-23 10:53:42] production.ERROR: There are no commands defined in the "opcache" namespace.

Did you mean this?
    cache {"exception":"[object] (Symfony\\Component\\Console\\Exception\\NamespaceNotFoundException(code: 0): There are no commands defined in the \"opcache\" namespace.

Did you mean this?
    cache at /home/lionel/Documents/Junkyard/gotrip/bc-cms/vendor/symfony/console/Application.php:659)
[stacktrace]
#0 /home/lionel/Documents/Junkyard/gotrip/bc-cms/vendor/symfony/console/Application.php(708): Symfony\\Component\\Console\\Application->findNamespace()
#1 /home/lionel/Documents/Junkyard/gotrip/bc-cms/vendor/symfony/console/Application.php(283): Symfony\\Component\\Console\\Application->find()
#2 /home/lionel/Documents/Junkyard/gotrip/bc-cms/vendor/symfony/console/Application.php(192): Symfony\\Component\\Console\\Application->doRun()
#3 /home/lionel/Documents/Junkyard/gotrip/bc-cms/vendor/laravel/framework/src/Illuminate/Foundation/Console/Kernel.php(197): Symfony\\Component\\Console\\Application->run()
#4 /home/lionel/Documents/Junkyard/gotrip/bc-cms/vendor/laravel/framework/src/Illuminate/Foundation/Application.php(1234): Illuminate\\Foundation\\Console\\Kernel->handle()
#5 /home/lionel/Documents/Junkyard/gotrip/bc-cms/artisan(19): Illuminate\\Foundation\\Application->handleCommand()
#6 {main}
"} 
[2026-05-23 16:55:54] production.ERROR: SQLSTATE[42000]: Syntax error or access violation: 1059 Identifier name 'bc_integration_room_channels_integration_slug_nobeds_room_id_unique' is too long (Connection: mysql, SQL: alter table `bc_integration_room_channels` add unique `bc_integration_room_channels_integration_slug_nobeds_room_id_unique`(`integration_slug`, `nobeds_room_id`)) {"exception":"[object] (Illuminate\\Database\\QueryException(code: 42000): SQLSTATE[42000]: Syntax error or access violation: 1059 Identifier name 'bc_integration_room_channels_integration_slug_nobeds_room_id_unique' is too long (Connection: mysql, SQL: alter table `bc_integration_room_channels` add unique `bc_integration_room_channels_integration_slug_nobeds_room_id_unique`(`integration_slug`, `nobeds_room_id`)) at /home/lionel/Documents/Junkyard/gotrip/bc-cms/vendor/laravel/framework/src/Illuminate/Database/Connection.php:824)
[stacktrace]
#0 /home/lionel/Documents/Junkyard/gotrip/bc-cms/vendor/laravel/framework/src/Illuminate/Database/Connection.php(778): Illuminate\\Database\\Connection->runQueryCallback()
#1 /home/lionel/Documents/Junkyard/gotrip/bc-cms/vendor/laravel/framework/src/Illuminate/Database/Connection.php(559): Illuminate\\Database\\Connection->run()
#2 /home/lionel/Documents/Junkyard/gotrip/bc-cms/vendor/laravel/framework/src/Illuminate/Database/Schema/Blueprint.php(121): Illuminate\\Database\\Connection->statement()
#3 /home/lionel/Documents/Junkyard/gotrip/bc-cms/vendor/laravel/framework/src/Illuminate/Database/Schema/Builder.php(618): Illuminate\\Database\\Schema\\Blueprint->build()
#4 /home/lionel/Documents/Junkyard/gotrip/bc-cms/vendor/laravel/framework/src/Illuminate/Database/Schema/Builder.php(472): Illuminate\\Database\\Schema\\Builder->build()
#5 /home/lionel/Documents/Junkyard/gotrip/bc-cms/vendor/laravel/framework/src/Illuminate/Support/Facades/Facade.php(363): Illuminate\\Database\\Schema\\Builder->create()
#6 /home/lionel/Documents/Junkyard/gotrip/bc-cms/pro/Integrations/Migrations/2024_01_01_000003_create_integrations_table.php(39): Illuminate\\Support\\Facades\\Facade::__callStatic()
#7 /home/lionel/Documents/Junkyard/gotrip/bc-cms/vendor/laravel/framework/src/Illuminate/Database/Migrations/Migrator.php(514): CreateIntegrationsTable->up()
#8 /home/lionel/Documents/Junkyard/gotrip/bc-cms/vendor/laravel/framework/src/Illuminate/Database/Migrations/Migrator.php(439): Illuminate\\Database\\Migrations\\Migrator->runMethod()
#9 /home/lionel/Documents/Junkyard/gotrip/bc-cms/vendor/laravel/framework/src/Illuminate/Database/Migrations/Migrator.php(448): Illuminate\\Database\\Migrations\\Migrator->{closure:Illuminate\\Database\\Migrations\\Migrator::runMigration():435}()
#10 /home/lionel/Documents/Junkyard/gotrip/bc-cms/vendor/laravel/framework/src/Illuminate/Database/Migrations/Migrator.php(250): Illuminate\\Database\\Migrations\\Migrator->runMigration()
#11 /home/lionel/Documents/Junkyard/gotrip/bc-cms/vendor/laravel/framework/src/Illuminate/Console/View/Components/Task.php(41): Illuminate\\Database\\Migrations\\Migrator->{closure:Illuminate\\Database\\Migrations\\Migrator::runUp():250}()
#12 /home/lionel/Documents/Junkyard/gotrip/bc-cms/vendor/laravel/framework/src/Illuminate/Database/Migrations/Migrator.php(809): Illuminate\\Console\\View\\Components\\Task->render()
#13 /home/lionel/Documents/Junkyard/gotrip/bc-cms/vendor/laravel/framework/src/Illuminate/Database/Migrations/Migrator.php(250): Illuminate\\Database\\Migrations\\Migrator->write()
#14 /home/lionel/Documents/Junkyard/gotrip/bc-cms/vendor/laravel/framework/src/Illuminate/Database/Migrations/Migrator.php(210): Illuminate\\Database\\Migrations\\Migrator->runUp()
#15 /home/lionel/Documents/Junkyard/gotrip/bc-cms/vendor/laravel/framework/src/Illuminate/Database/Migrations/Migrator.php(137): Illuminate\\Database\\Migrations\\Migrator->runPending()
#16 /home/lionel/Documents/Junkyard/gotrip/bc-cms/vendor/laravel/framework/src/Illuminate/Database/Console/Migrations/MigrateCommand.php(116): Illuminate\\Database\\Migrations\\Migrator->run()
#17 /home/lionel/Documents/Junkyard/gotrip/bc-cms/vendor/laravel/framework/src/Illuminate/Database/Migrations/Migrator.php(666): Illuminate\\Database\\Console\\Migrations\\MigrateCommand->{closure:Illuminate\\Database\\Console\\Migrations\\MigrateCommand::runMigrations():109}()
#18 /home/lionel/Documents/Junkyard/gotrip/bc-cms/vendor/laravel/framework/src/Illuminate/Database/Console/Migrations/MigrateCommand.php(109): Illuminate\\Database\\Migrations\\Migrator->usingConnection()
#19 /home/lionel/Documents/Junkyard/gotrip/bc-cms/vendor/laravel/framework/src/Illuminate/Database/Console/Migrations/MigrateCommand.php(88): Illuminate\\Database\\Console\\Migrations\\MigrateCommand->runMigrations()
#20 /home/lionel/Documents/Junkyard/gotrip/bc-cms/vendor/laravel/framework/src/Illuminate/Container/BoundMethod.php(36): Illuminate\\Database\\Console\\Migrations\\MigrateCommand->handle()
#21 /home/lionel/Documents/Junkyard/gotrip/bc-cms/vendor/laravel/framework/src/Illuminate/Container/Util.php(43): Illuminate\\Container\\BoundMethod::{closure:Illuminate\\Container\\BoundMethod::call():35}()
#22 /home/lionel/Documents/Junkyard/gotrip/bc-cms/vendor/laravel/framework/src/Illuminate/Container/BoundMethod.php(96): Illuminate\\Container\\Util::unwrapIfClosure()
#23 /home/lionel/Documents/Junkyard/gotrip/bc-cms/vendor/laravel/framework/src/Illuminate/Container/BoundMethod.php(35): Illuminate\\Container\\BoundMethod::callBoundMethod()
#24 /home/lionel/Documents/Junkyard/gotrip/bc-cms/vendor/laravel/framework/src/Illuminate/Container/Container.php(835): Illuminate\\Container\\BoundMethod::call()
#25 /home/lionel/Documents/Junkyard/gotrip/bc-cms/vendor/laravel/framework/src/Illuminate/Console/Command.php(211): Illuminate\\Container\\Container->call()
#26 /home/lionel/Documents/Junkyard/gotrip/bc-cms/vendor/symfony/console/Command/Command.php(318): Illuminate\\Console\\Command->execute()
#27 /home/lionel/Documents/Junkyard/gotrip/bc-cms/vendor/laravel/framework/src/Illuminate/Console/Command.php(180): Symfony\\Component\\Console\\Command\\Command->run()
#28 /home/lionel/Documents/Junkyard/gotrip/bc-cms/vendor/symfony/console/Application.php(1092): Illuminate\\Console\\Command->run()
#29 /home/lionel/Documents/Junkyard/gotrip/bc-cms/vendor/symfony/console/Application.php(341): Symfony\\Component\\Console\\Application->doRunCommand()
#30 /home/lionel/Documents/Junkyard/gotrip/bc-cms/vendor/symfony/console/Application.php(192): Symfony\\Component\\Console\\Application->doRun()
#31 /home/lionel/Documents/Junkyard/gotrip/bc-cms/vendor/laravel/framework/src/Illuminate/Foundation/Console/Kernel.php(197): Symfony\\Component\\Console\\Application->run()
#32 /home/lionel/Documents/Junkyard/gotrip/bc-cms/vendor/laravel/framework/src/Illuminate/Foundation/Application.php(1234): Illuminate\\Foundation\\Console\\Kernel->handle()
#33 /home/lionel/Documents/Junkyard/gotrip/bc-cms/artisan(19): Illuminate\\Foundation\\Application->handleCommand()
#34 {main}

[previous exception] [object] (PDOException(code: 42000): SQLSTATE[42000]: Syntax error or access violation: 1059 Identifier name 'bc_integration_room_channels_integration_slug_nobeds_room_id_unique' is too long at /home/lionel/Documents/Junkyard/gotrip/bc-cms/vendor/laravel/framework/src/Illuminate/Database/Connection.php:570)
[stacktrace]
#0 /home/lionel/Documents/Junkyard/gotrip/bc-cms/vendor/laravel/framework/src/Illuminate/Database/Connection.php(570): PDOStatement->execute()
#1 /home/lionel/Documents/Junkyard/gotrip/bc-cms/vendor/laravel/framework/src/Illuminate/Database/Connection.php(811): Illuminate\\Database\\Connection->{closure:Illuminate\\Database\\Connection::statement():559}()
#2 /home/lionel/Documents/Junkyard/gotrip/bc-cms/vendor/laravel/framework/src/Illuminate/Database/Connection.php(778): Illuminate\\Database\\Connection->runQueryCallback()
#3 /home/lionel/Documents/Junkyard/gotrip/bc-cms/vendor/laravel/framework/src/Illuminate/Database/Connection.php(559): Illuminate\\Database\\Connection->run()
#4 /home/lionel/Documents/Junkyard/gotrip/bc-cms/vendor/laravel/framework/src/Illuminate/Database/Schema/Blueprint.php(121): Illuminate\\Database\\Connection->statement()
#5 /home/lionel/Documents/Junkyard/gotrip/bc-cms/vendor/laravel/framework/src/Illuminate/Database/Schema/Builder.php(618): Illuminate\\Database\\Schema\\Blueprint->build()
#6 /home/lionel/Documents/Junkyard/gotrip/bc-cms/vendor/laravel/framework/src/Illuminate/Database/Schema/Builder.php(472): Illuminate\\Database\\Schema\\Builder->build()
#7 /home/lionel/Documents/Junkyard/gotrip/bc-cms/vendor/laravel/framework/src/Illuminate/Support/Facades/Facade.php(363): Illuminate\\Database\\Schema\\Builder->create()
#8 /home/lionel/Documents/Junkyard/gotrip/bc-cms/pro/Integrations/Migrations/2024_01_01_000003_create_integrations_table.php(39): Illuminate\\Support\\Facades\\Facade::__callStatic()
#9 /home/lionel/Documents/Junkyard/gotrip/bc-cms/vendor/laravel/framework/src/Illuminate/Database/Migrations/Migrator.php(514): CreateIntegrationsTable->up()
#10 /home/lionel/Documents/Junkyard/gotrip/bc-cms/vendor/laravel/framework/src/Illuminate/Database/Migrations/Migrator.php(439): Illuminate\\Database\\Migrations\\Migrator->runMethod()
#11 /home/lionel/Documents/Junkyard/gotrip/bc-cms/vendor/laravel/framework/src/Illuminate/Database/Migrations/Migrator.php(448): Illuminate\\Database\\Migrations\\Migrator->{closure:Illuminate\\Database\\Migrations\\Migrator::runMigration():435}()
#12 /home/lionel/Documents/Junkyard/gotrip/bc-cms/vendor/laravel/framework/src/Illuminate/Database/Migrations/Migrator.php(250): Illuminate\\Database\\Migrations\\Migrator->runMigration()
#13 /home/lionel/Documents/Junkyard/gotrip/bc-cms/vendor/laravel/framework/src/Illuminate/Console/View/Components/Task.php(41): Illuminate\\Database\\Migrations\\Migrator->{closure:Illuminate\\Database\\Migrations\\Migrator::runUp():250}()
#14 /home/lionel/Documents/Junkyard/gotrip/bc-cms/vendor/laravel/framework/src/Illuminate/Database/Migrations/Migrator.php(809): Illuminate\\Console\\View\\Components\\Task->render()
#15 /home/lionel/Documents/Junkyard/gotrip/bc-cms/vendor/laravel/framework/src/Illuminate/Database/Migrations/Migrator.php(250): Illuminate\\Database\\Migrations\\Migrator->write()
#16 /home/lionel/Documents/Junkyard/gotrip/bc-cms/vendor/laravel/framework/src/Illuminate/Database/Migrations/Migrator.php(210): Illuminate\\Database\\Migrations\\Migrator->runUp()
#17 /home/lionel/Documents/Junkyard/gotrip/bc-cms/vendor/laravel/framework/src/Illuminate/Database/Migrations/Migrator.php(137): Illuminate\\Database\\Migrations\\Migrator->runPending()
#18 /home/lionel/Documents/Junkyard/gotrip/bc-cms/vendor/laravel/framework/src/Illuminate/Database/Console/Migrations/MigrateCommand.php(116): Illuminate\\Database\\Migrations\\Migrator->run()
#19 /home/lionel/Documents/Junkyard/gotrip/bc-cms/vendor/laravel/framework/src/Illuminate/Database/Migrations/Migrator.php(666): Illuminate\\Database\\Console\\Migrations\\MigrateCommand->{closure:Illuminate\\Database\\Console\\Migrations\\MigrateCommand::runMigrations():109}()
#20 /home/lionel/Documents/Junkyard/gotrip/bc-cms/vendor/laravel/framework/src/Illuminate/Database/Console/Migrations/MigrateCommand.php(109): Illuminate\\Database\\Migrations\\Migrator->usingConnection()
#21 /home/lionel/Documents/Junkyard/gotrip/bc-cms/vendor/laravel/framework/src/Illuminate/Database/Console/Migrations/MigrateCommand.php(88): Illuminate\\Database\\Console\\Migrations\\MigrateCommand->runMigrations()
#22 /home/lionel/Documents/Junkyard/gotrip/bc-cms/vendor/laravel/framework/src/Illuminate/Container/BoundMethod.php(36): Illuminate\\Database\\Console\\Migrations\\MigrateCommand->handle()
#23 /home/lionel/Documents/Junkyard/gotrip/bc-cms/vendor/laravel/framework/src/Illuminate/Container/Util.php(43): Illuminate\\Container\\BoundMethod::{closure:Illuminate\\Container\\BoundMethod::call():35}()
#24 /home/lionel/Documents/Junkyard/gotrip/bc-cms/vendor/laravel/framework/src/Illuminate/Container/BoundMethod.php(96): Illuminate\\Container\\Util::unwrapIfClosure()
#25 /home/lionel/Documents/Junkyard/gotrip/bc-cms/vendor/laravel/framework/src/Illuminate/Container/BoundMethod.php(35): Illuminate\\Container\\BoundMethod::callBoundMethod()
#26 /home/lionel/Documents/Junkyard/gotrip/bc-cms/vendor/laravel/framework/src/Illuminate/Container/Container.php(835): Illuminate\\Container\\BoundMethod::call()
#27 /home/lionel/Documents/Junkyard/gotrip/bc-cms/vendor/laravel/framework/src/Illuminate/Console/Command.php(211): Illuminate\\Container\\Container->call()
#28 /home/lionel/Documents/Junkyard/gotrip/bc-cms/vendor/symfony/console/Command/Command.php(318): Illuminate\\Console\\Command->execute()
#29 /home/lionel/Documents/Junkyard/gotrip/bc-cms/vendor/laravel/framework/src/Illuminate/Console/Command.php(180): Symfony\\Component\\Console\\Command\\Command->run()
#30 /home/lionel/Documents/Junkyard/gotrip/bc-cms/vendor/symfony/console/Application.php(1092): Illuminate\\Console\\Command->run()
#31 /home/lionel/Documents/Junkyard/gotrip/bc-cms/vendor/symfony/console/Application.php(341): Symfony\\Component\\Console\\Application->doRunCommand()
#32 /home/lionel/Documents/Junkyard/gotrip/bc-cms/vendor/symfony/console/Application.php(192): Symfony\\Component\\Console\\Application->doRun()
#33 /home/lionel/Documents/Junkyard/gotrip/bc-cms/vendor/laravel/framework/src/Illuminate/Foundation/Console/Kernel.php(197): Symfony\\Component\\Console\\Application->run()
#34 /home/lionel/Documents/Junkyard/gotrip/bc-cms/vendor/laravel/framework/src/Illuminate/Foundation/Application.php(1234): Illuminate\\Foundation\\Console\\Kernel->handle()
#35 /home/lionel/Documents/Junkyard/gotrip/bc-cms/artisan(19): Illuminate\\Foundation\\Application->handleCommand()
#36 {main}
"} 
[2026-05-23 16:56:06] production.ERROR: SQLSTATE[42S01]: Base table or view already exists: 1050 Table 'bc_integrations' already exists (Connection: mysql, SQL: create table `bc_integrations` (`id` bigint unsigned not null auto_increment primary key, `slug` varchar(60) not null, `category` varchar(40) not null, `status` varchar(20) not null default 'disconnected', `credentials` text null, `last_verified_at` timestamp null, `last_error` text null, `create_user` bigint null, `update_user` bigint null, `created_at` timestamp null, `updated_at` timestamp null) default character set utf8mb4 collate 'utf8mb4_unicode_ci' engine = InnoDB) {"exception":"[object] (Illuminate\\Database\\QueryException(code: 42S01): SQLSTATE[42S01]: Base table or view already exists: 1050 Table 'bc_integrations' already exists (Connection: mysql, SQL: create table `bc_integrations` (`id` bigint unsigned not null auto_increment primary key, `slug` varchar(60) not null, `category` varchar(40) not null, `status` varchar(20) not null default 'disconnected', `credentials` text null, `last_verified_at` timestamp null, `last_error` text null, `create_user` bigint null, `update_user` bigint null, `created_at` timestamp null, `updated_at` timestamp null) default character set utf8mb4 collate 'utf8mb4_unicode_ci' engine = InnoDB) at /home/lionel/Documents/Junkyard/gotrip/bc-cms/vendor/laravel/framework/src/Illuminate/Database/Connection.php:824)
[stacktrace]
#0 /home/lionel/Documents/Junkyard/gotrip/bc-cms/vendor/laravel/framework/src/Illuminate/Database/Connection.php(778): Illuminate\\Database\\Connection->runQueryCallback()
#1 /home/lionel/Documents/Junkyard/gotrip/bc-cms/vendor/laravel/framework/src/Illuminate/Database/Connection.php(559): Illuminate\\Database\\Connection->run()
#2 /home/lionel/Documents/Junkyard/gotrip/bc-cms/vendor/laravel/framework/src/Illuminate/Database/Schema/Blueprint.php(121): Illuminate\\Database\\Connection->statement()
#3 /home/lionel/Documents/Junkyard/gotrip/bc-cms/vendor/laravel/framework/src/Illuminate/Database/Schema/Builder.php(618): Illuminate\\Database\\Schema\\Blueprint->build()
#4 /home/lionel/Documents/Junkyard/gotrip/bc-cms/vendor/laravel/framework/src/Illuminate/Database/Schema/Builder.php(472): Illuminate\\Database\\Schema\\Builder->build()
#5 /home/lionel/Documents/Junkyard/gotrip/bc-cms/vendor/laravel/framework/src/Illuminate/Support/Facades/Facade.php(363): Illuminate\\Database\\Schema\\Builder->create()
#6 /home/lionel/Documents/Junkyard/gotrip/bc-cms/pro/Integrations/Migrations/2024_01_01_000003_create_integrations_table.php(12): Illuminate\\Support\\Facades\\Facade::__callStatic()
#7 /home/lionel/Documents/Junkyard/gotrip/bc-cms/vendor/laravel/framework/src/Illuminate/Database/Migrations/Migrator.php(514): CreateIntegrationsTable->up()
#8 /home/lionel/Documents/Junkyard/gotrip/bc-cms/vendor/laravel/framework/src/Illuminate/Database/Migrations/Migrator.php(439): Illuminate\\Database\\Migrations\\Migrator->runMethod()
#9 /home/lionel/Documents/Junkyard/gotrip/bc-cms/vendor/laravel/framework/src/Illuminate/Database/Migrations/Migrator.php(448): Illuminate\\Database\\Migrations\\Migrator->{closure:Illuminate\\Database\\Migrations\\Migrator::runMigration():435}()
#10 /home/lionel/Documents/Junkyard/gotrip/bc-cms/vendor/laravel/framework/src/Illuminate/Database/Migrations/Migrator.php(250): Illuminate\\Database\\Migrations\\Migrator->runMigration()
#11 /home/lionel/Documents/Junkyard/gotrip/bc-cms/vendor/laravel/framework/src/Illuminate/Console/View/Components/Task.php(41): Illuminate\\Database\\Migrations\\Migrator->{closure:Illuminate\\Database\\Migrations\\Migrator::runUp():250}()
#12 /home/lionel/Documents/Junkyard/gotrip/bc-cms/vendor/laravel/framework/src/Illuminate/Database/Migrations/Migrator.php(809): Illuminate\\Console\\View\\Components\\Task->render()
#13 /home/lionel/Documents/Junkyard/gotrip/bc-cms/vendor/laravel/framework/src/Illuminate/Database/Migrations/Migrator.php(250): Illuminate\\Database\\Migrations\\Migrator->write()
#14 /home/lionel/Documents/Junkyard/gotrip/bc-cms/vendor/laravel/framework/src/Illuminate/Database/Migrations/Migrator.php(210): Illuminate\\Database\\Migrations\\Migrator->runUp()
#15 /home/lionel/Documents/Junkyard/gotrip/bc-cms/vendor/laravel/framework/src/Illuminate/Database/Migrations/Migrator.php(137): Illuminate\\Database\\Migrations\\Migrator->runPending()
#16 /home/lionel/Documents/Junkyard/gotrip/bc-cms/vendor/laravel/framework/src/Illuminate/Database/Console/Migrations/MigrateCommand.php(116): Illuminate\\Database\\Migrations\\Migrator->run()
#17 /home/lionel/Documents/Junkyard/gotrip/bc-cms/vendor/laravel/framework/src/Illuminate/Database/Migrations/Migrator.php(666): Illuminate\\Database\\Console\\Migrations\\MigrateCommand->{closure:Illuminate\\Database\\Console\\Migrations\\MigrateCommand::runMigrations():109}()
#18 /home/lionel/Documents/Junkyard/gotrip/bc-cms/vendor/laravel/framework/src/Illuminate/Database/Console/Migrations/MigrateCommand.php(109): Illuminate\\Database\\Migrations\\Migrator->usingConnection()
#19 /home/lionel/Documents/Junkyard/gotrip/bc-cms/vendor/laravel/framework/src/Illuminate/Database/Console/Migrations/MigrateCommand.php(88): Illuminate\\Database\\Console\\Migrations\\MigrateCommand->runMigrations()
#20 /home/lionel/Documents/Junkyard/gotrip/bc-cms/vendor/laravel/framework/src/Illuminate/Container/BoundMethod.php(36): Illuminate\\Database\\Console\\Migrations\\MigrateCommand->handle()
#21 /home/lionel/Documents/Junkyard/gotrip/bc-cms/vendor/laravel/framework/src/Illuminate/Container/Util.php(43): Illuminate\\Container\\BoundMethod::{closure:Illuminate\\Container\\BoundMethod::call():35}()
#22 /home/lionel/Documents/Junkyard/gotrip/bc-cms/vendor/laravel/framework/src/Illuminate/Container/BoundMethod.php(96): Illuminate\\Container\\Util::unwrapIfClosure()
#23 /home/lionel/Documents/Junkyard/gotrip/bc-cms/vendor/laravel/framework/src/Illuminate/Container/BoundMethod.php(35): Illuminate\\Container\\BoundMethod::callBoundMethod()
#24 /home/lionel/Documents/Junkyard/gotrip/bc-cms/vendor/laravel/framework/src/Illuminate/Container/Container.php(835): Illuminate\\Container\\BoundMethod::call()
#25 /home/lionel/Documents/Junkyard/gotrip/bc-cms/vendor/laravel/framework/src/Illuminate/Console/Command.php(211): Illuminate\\Container\\Container->call()
#26 /home/lionel/Documents/Junkyard/gotrip/bc-cms/vendor/symfony/console/Command/Command.php(318): Illuminate\\Console\\Command->execute()
#27 /home/lionel/Documents/Junkyard/gotrip/bc-cms/vendor/laravel/framework/src/Illuminate/Console/Command.php(180): Symfony\\Component\\Console\\Command\\Command->run()
#28 /home/lionel/Documents/Junkyard/gotrip/bc-cms/vendor/symfony/console/Application.php(1092): Illuminate\\Console\\Command->run()
#29 /home/lionel/Documents/Junkyard/gotrip/bc-cms/vendor/symfony/console/Application.php(341): Symfony\\Component\\Console\\Application->doRunCommand()
#30 /home/lionel/Documents/Junkyard/gotrip/bc-cms/vendor/symfony/console/Application.php(192): Symfony\\Component\\Console\\Application->doRun()
#31 /home/lionel/Documents/Junkyard/gotrip/bc-cms/vendor/laravel/framework/src/Illuminate/Foundation/Console/Kernel.php(197): Symfony\\Component\\Console\\Application->run()
#32 /home/lionel/Documents/Junkyard/gotrip/bc-cms/vendor/laravel/framework/src/Illuminate/Foundation/Application.php(1234): Illuminate\\Foundation\\Console\\Kernel->handle()
#33 /home/lionel/Documents/Junkyard/gotrip/bc-cms/artisan(19): Illuminate\\Foundation\\Application->handleCommand()
#34 {main}

[previous exception] [object] (PDOException(code: 42S01): SQLSTATE[42S01]: Base table or view already exists: 1050 Table 'bc_integrations' already exists at /home/lionel/Documents/Junkyard/gotrip/bc-cms/vendor/laravel/framework/src/Illuminate/Database/Connection.php:570)
[stacktrace]
#0 /home/lionel/Documents/Junkyard/gotrip/bc-cms/vendor/laravel/framework/src/Illuminate/Database/Connection.php(570): PDOStatement->execute()
#1 /home/lionel/Documents/Junkyard/gotrip/bc-cms/vendor/laravel/framework/src/Illuminate/Database/Connection.php(811): Illuminate\\Database\\Connection->{closure:Illuminate\\Database\\Connection::statement():559}()
#2 /home/lionel/Documents/Junkyard/gotrip/bc-cms/vendor/laravel/framework/src/Illuminate/Database/Connection.php(778): Illuminate\\Database\\Connection->runQueryCallback()
#3 /home/lionel/Documents/Junkyard/gotrip/bc-cms/vendor/laravel/framework/src/Illuminate/Database/Connection.php(559): Illuminate\\Database\\Connection->run()
#4 /home/lionel/Documents/Junkyard/gotrip/bc-cms/vendor/laravel/framework/src/Illuminate/Database/Schema/Blueprint.php(121): Illuminate\\Database\\Connection->statement()
#5 /home/lionel/Documents/Junkyard/gotrip/bc-cms/vendor/laravel/framework/src/Illuminate/Database/Schema/Builder.php(618): Illuminate\\Database\\Schema\\Blueprint->build()
#6 /home/lionel/Documents/Junkyard/gotrip/bc-cms/vendor/laravel/framework/src/Illuminate/Database/Schema/Builder.php(472): Illuminate\\Database\\Schema\\Builder->build()
#7 /home/lionel/Documents/Junkyard/gotrip/bc-cms/vendor/laravel/framework/src/Illuminate/Support/Facades/Facade.php(363): Illuminate\\Database\\Schema\\Builder->create()
#8 /home/lionel/Documents/Junkyard/gotrip/bc-cms/pro/Integrations/Migrations/2024_01_01_000003_create_integrations_table.php(12): Illuminate\\Support\\Facades\\Facade::__callStatic()
#9 /home/lionel/Documents/Junkyard/gotrip/bc-cms/vendor/laravel/framework/src/Illuminate/Database/Migrations/Migrator.php(514): CreateIntegrationsTable->up()
#10 /home/lionel/Documents/Junkyard/gotrip/bc-cms/vendor/laravel/framework/src/Illuminate/Database/Migrations/Migrator.php(439): Illuminate\\Database\\Migrations\\Migrator->runMethod()
#11 /home/lionel/Documents/Junkyard/gotrip/bc-cms/vendor/laravel/framework/src/Illuminate/Database/Migrations/Migrator.php(448): Illuminate\\Database\\Migrations\\Migrator->{closure:Illuminate\\Database\\Migrations\\Migrator::runMigration():435}()
#12 /home/lionel/Documents/Junkyard/gotrip/bc-cms/vendor/laravel/framework/src/Illuminate/Database/Migrations/Migrator.php(250): Illuminate\\Database\\Migrations\\Migrator->runMigration()
#13 /home/lionel/Documents/Junkyard/gotrip/bc-cms/vendor/laravel/framework/src/Illuminate/Console/View/Components/Task.php(41): Illuminate\\Database\\Migrations\\Migrator->{closure:Illuminate\\Database\\Migrations\\Migrator::runUp():250}()
#14 /home/lionel/Documents/Junkyard/gotrip/bc-cms/vendor/laravel/framework/src/Illuminate/Database/Migrations/Migrator.php(809): Illuminate\\Console\\View\\Components\\Task->render()
#15 /home/lionel/Documents/Junkyard/gotrip/bc-cms/vendor/laravel/framework/src/Illuminate/Database/Migrations/Migrator.php(250): Illuminate\\Database\\Migrations\\Migrator->write()
#16 /home/lionel/Documents/Junkyard/gotrip/bc-cms/vendor/laravel/framework/src/Illuminate/Database/Migrations/Migrator.php(210): Illuminate\\Database\\Migrations\\Migrator->runUp()
#17 /home/lionel/Documents/Junkyard/gotrip/bc-cms/vendor/laravel/framework/src/Illuminate/Database/Migrations/Migrator.php(137): Illuminate\\Database\\Migrations\\Migrator->runPending()
#18 /home/lionel/Documents/Junkyard/gotrip/bc-cms/vendor/laravel/framework/src/Illuminate/Database/Console/Migrations/MigrateCommand.php(116): Illuminate\\Database\\Migrations\\Migrator->run()
#19 /home/lionel/Documents/Junkyard/gotrip/bc-cms/vendor/laravel/framework/src/Illuminate/Database/Migrations/Migrator.php(666): Illuminate\\Database\\Console\\Migrations\\MigrateCommand->{closure:Illuminate\\Database\\Console\\Migrations\\MigrateCommand::runMigrations():109}()
#20 /home/lionel/Documents/Junkyard/gotrip/bc-cms/vendor/laravel/framework/src/Illuminate/Database/Console/Migrations/MigrateCommand.php(109): Illuminate\\Database\\Migrations\\Migrator->usingConnection()
#21 /home/lionel/Documents/Junkyard/gotrip/bc-cms/vendor/laravel/framework/src/Illuminate/Database/Console/Migrations/MigrateCommand.php(88): Illuminate\\Database\\Console\\Migrations\\MigrateCommand->runMigrations()
#22 /home/lionel/Documents/Junkyard/gotrip/bc-cms/vendor/laravel/framework/src/Illuminate/Container/BoundMethod.php(36): Illuminate\\Database\\Console\\Migrations\\MigrateCommand->handle()
#23 /home/lionel/Documents/Junkyard/gotrip/bc-cms/vendor/laravel/framework/src/Illuminate/Container/Util.php(43): Illuminate\\Container\\BoundMethod::{closure:Illuminate\\Container\\BoundMethod::call():35}()
#24 /home/lionel/Documents/Junkyard/gotrip/bc-cms/vendor/laravel/framework/src/Illuminate/Container/BoundMethod.php(96): Illuminate\\Container\\Util::unwrapIfClosure()
#25 /home/lionel/Documents/Junkyard/gotrip/bc-cms/vendor/laravel/framework/src/Illuminate/Container/BoundMethod.php(35): Illuminate\\Container\\BoundMethod::callBoundMethod()
#26 /home/lionel/Documents/Junkyard/gotrip/bc-cms/vendor/laravel/framework/src/Illuminate/Container/Container.php(835): Illuminate\\Container\\BoundMethod::call()
#27 /home/lionel/Documents/Junkyard/gotrip/bc-cms/vendor/laravel/framework/src/Illuminate/Console/Command.php(211): Illuminate\\Container\\Container->call()
#28 /home/lionel/Documents/Junkyard/gotrip/bc-cms/vendor/symfony/console/Command/Command.php(318): Illuminate\\Console\\Command->execute()
#29 /home/lionel/Documents/Junkyard/gotrip/bc-cms/vendor/laravel/framework/src/Illuminate/Console/Command.php(180): Symfony\\Component\\Console\\Command\\Command->run()
#30 /home/lionel/Documents/Junkyard/gotrip/bc-cms/vendor/symfony/console/Application.php(1092): Illuminate\\Console\\Command->run()
#31 /home/lionel/Documents/Junkyard/gotrip/bc-cms/vendor/symfony/console/Application.php(341): Symfony\\Component\\Console\\Application->doRunCommand()
#32 /home/lionel/Documents/Junkyard/gotrip/bc-cms/vendor/symfony/console/Application.php(192): Symfony\\Component\\Console\\Application->doRun()
#33 /home/lionel/Documents/Junkyard/gotrip/bc-cms/vendor/laravel/framework/src/Illuminate/Foundation/Console/Kernel.php(197): Symfony\\Component\\Console\\Application->run()
#34 /home/lionel/Documents/Junkyard/gotrip/bc-cms/vendor/laravel/framework/src/Illuminate/Foundation/Application.php(1234): Illuminate\\Foundation\\Console\\Kernel->handle()
#35 /home/lionel/Documents/Junkyard/gotrip/bc-cms/artisan(19): Illuminate\\Foundation\\Application->handleCommand()
#36 {main}
"} 
